1: hello world
